// Jest Snapshot v1, https://goo.gl/fbAQLP

exports[`renders correctly 1`] = `
<div
  id="app"
>
  <div
    id="nav"
  >
    
    Currency World
  
  </div>
   
  <router-view />
</div>
`;

exports[`renders correctly 2`] = `
<div>
  <button
    class="white--text v-btn theme--light blue-grey"
    type="button"
  >
    <div
      class="v-btn__content"
    >
      <i
        aria-hidden="true"
        class="v-icon v-icon--right material-icons theme--dark"
      >
        add
      </i>
      
    Add More Currency
  
    </div>
  </button>
   
  <div
    style="display: none;"
  >
    <input
      class="input-isi"
      placeholder="Input Currency"
    />
     
    <button
      class="white--text v-btn theme--light blue-grey"
      type="button"
    >
      <div
        class="v-btn__content"
      >
        
      Submit
      
      </div>
    </button>
  </div>
</div>
`;

exports[`renders correctly 3`] = `
<!--function (el) {
      var obj;

      var args = [], len = arguments.length - 1;
      while ( len-- &gt; 0 ) args[ len ] = arguments[ len + 1 ];
      if (shouldNotBeStubbed(el, stubs, modifiedComponents)) {
        return originalCreateElement.apply(void 0, [ el ].concat( args ))
      }

      if (isConstructor(el) || isComponentOptions(el)) {
        if (stubAllComponents) {
          var stub = createStubFromComponent(el, el.name || 'anonymous', _Vue);
          return originalCreateElement.apply(void 0, [ stub ].concat( args ))
        }
        var Constructor = shouldExtend(el, _Vue) ? extend(el, _Vue) : el;

        return originalCreateElement.apply(void 0, [ Constructor ].concat( args ))
      }

      if (typeof el === 'string') {
        var original = resolveComponent(el, originalComponents);

        if (!original) {
          return originalCreateElement.apply(void 0, [ el ].concat( args ))
        }

        if (isDynamicComponent(original)) {
          return originalCreateElement.apply(void 0, [ el ].concat( args ))
        }

        var stub$1 = createStubIfNeeded(stubAllComponents, original, _Vue, el);

        if (stub$1) {
          Object.assign(vm.$options.components, ( obj = {}, obj[el] = stub$1, obj));
          modifiedComponents.add(el);
        }
      }

      return originalCreateElement.apply(void 0, [ el ].concat( args ))
    }-->
`;

exports[`renders correctly 4`] = `
<div>
  <button
    class="white--text v-btn theme--light blue-grey"
    type="button"
  >
    <div
      class="v-btn__content"
    >
      <i
        aria-hidden="true"
        class="v-icon v-icon--right material-icons theme--dark"
      >
        add
      </i>
      
    Add More Currency
  
    </div>
  </button>
   
  <div
    style="display: none;"
  >
    <input
      class="input-isi"
      placeholder="Input Currency"
    />
     
    <button
      class="white--text v-btn theme--light blue-grey"
      type="button"
    >
      <div
        class="v-btn__content"
      >
        
      Submit
      
      </div>
    </button>
  </div>
</div>
`;
